[map]

[continents]
Atlantic_Provinces=3
Ontario_and_Quebec=4
Western_Provinces-South=3
Western_Provinces-North=2
Nunavut=3
Northwestern_Territories=2

[Territories]
New_Brunswick,501,350,Atlantic_Provinces,Quebec-South,Prince_Edward_Island,Nova_Scotia
Prince_Edward_Island,519,328,Atlantic_Provinces,New_Brunswick,Nova_Scotia
Nova_Scotia,545,349,Atlantic_Provinces,New_Brunswick,Prince_Edward_Island,N&L-Newfoundland
N&L-Newfoundland,553,298,Atlantic_Provinces,Nova_Scotia,N&L-Labrador,Quebec-Central
N&L-Labrador,496,270,Atlantic_Provinces,N&L-Newfoundland,Quebec-Central,Quebec-North
Quebec-North,430,261,Ontario_and_Quebec,N&L-Labrador,Quebec-Central,NU-Southern_Islands,NU-Baffin_Island
Quebec-Central,460,310,Ontario_and_Quebec,N&L-Newfoundland,N&L-Labrador,Quebec-North,Quebec-South,Ontario-North
Quebec-South,439,348,Ontario_and_Quebec,New_Brunswick,Quebec-Central,Ontario-South
Ontario-South,391,363,Ontario_and_Quebec,Quebec-South,Ontario-North,Ontario-West
Ontario-West,345,337,Ontario_and_Quebec,Ontario-South,Ontario-North,Manitoba-South
Ontario-North,353,303,Ontario_and_Quebec,Quebec-Central,Ontario-South,Ontario-West,Manitoba-North,NU-Southern_Islands
Manitoba-South,283,328,Western_Provinces-South,Ontario-West,Saskatchewan-South,Manitoba-North
Saskatchewan-South,238,319,Western_Provinces-South,Manitoba-South,Saskatchewan-North,Alberta-South
Alberta-South,195,304,Western_Provinces-South,Saskatchewan-South,Alberta-North,British_Columbia-South
British_Columbia-South,144,288,Western_Provinces-South,Alberta-South,BC-Vancouver_Island,British_Columbia-North
BC-Vancouver_Island,104,283,Western_Provinces-South,British_Columbia-South
British_Columbia-North,149,228,Western_Provinces-North,British_Columbia-South,Yukon_Territory,Northwest_Territories-Continental,Alberta-North
Alberta-North,203,251,Western_Provinces-North,Alberta-South,British_Columbia-North,Saskatchewan-North,Northwest_Territories-Continental
Saskatchewan-North,248,266,Western_Provinces-North,Saskatchewan-South,Alberta-North,Manitoba-North,Northwest_Territories-Continental
Manitoba-North,296,277,Western_Provinces-North,Ontario-North,Manitoba-South,Saskatchewan-North,Nunavut-Continental
Nunavut-Continental,307,189,Nunavut,Manitoba-North,NU-Southern_Islands,NU-Baffin_Island,NU-Victoria_Island-East,NU-Northern_Islands,Northwest_Territories-Continental
NU-Southern_Islands,356,217,Nunavut,Quebec-North,Ontario-North,Nunavut-Continental,NU-Baffin_Island
NU-Baffin_Island,400,139,Nunavut,Quebec-North,Nunavut-Continental,NU-Southern_Islands,NU-Ellesmere_Island,NU-Northern_Islands
NU-Victoria_Island-East,283,131,Nunavut,Nunavut-Continental,NU-Northern_Islands,NT-Victoria_Island-West
NU-Northern_Islands,319,94,Nunavut,Nunavut-Continental,NU-Baffin_Island,NU-Victoria_Island-East,NU-Ellesmere_Island,NT-Northern_Islands
NU-Ellesmere_Island,361,24,Nunavut,NU-Baffin_Island,NU-Northern_Islands
NT-Northern_Islands,280,62,Northwestern_Territories,NU-Northern_Islands,NT-Banks_Island,NT-Victoria_Island-West
NT-Banks_Island,251,90,Northwestern_Territories,NT-Northern_Islands,NT-Victoria_Island-West,Northwest_Territories-Continental
NT-Victoria_Island-West,263,112,Northwestern_Territories,NU-Victoria_Island-East,NT-Northern_Islands,NT-Banks_Island,Northwest_Territories-Continental
Northwest_Territories-Continental,217,178,Northwestern_Territories,British_Columbia-North,Alberta-North,Saskatchewan-North,Nunavut-Continental,NT-Banks_Island,NT-Victoria_Island-West,Yukon_Territory
Yukon_Territory,147,145,Northwestern_Territories,British_Columbia-North,Northwest_Territories-Continental
