[map]

[continents]
North_America=5
South_America=2
Africa=3
Europe=5
North_Asia=3
South_Asia=4
Australia=2

[Territories]
Alaska,90,101,North_America,Northwest_Territory,Alberta,Kamchatka
Northwest_Territory,161,102,North_America,Alaska,Alberta,Ontario,Greenland
Alberta,159,138,North_America,Alaska,Northwest_Territory,Ontario,Western_United_States
Greenland,340,51,North_America,Northwest_Territory,Ontario,Quebec,Iceland
Ontario,215,142,North_America,Northwest_Territory,Alberta,Greenland,Quebec,Western_United_States,Eastern_United_States
Quebec,269,141,North_America,Greenland,Ontario,Eastern_United_States
Western_United_States,171,179,North_America,Alberta,Ontario,Eastern_United_States,Central_America
Eastern_United_States,231,191,North_America,Ontario,Quebec,Western_United_States,Central_America
Central_America,195,232,North_America,Western_United_States,Eastern_United_States,Venezuala
Venezuala,276,278,South_America,Central_America,Peru,Brazil
Peru,278,324,South_America,Venezuala,Brazil,Argentina
Argentina,275,382,South_America,Peru,Brazil
Brazil,323,316,South_America,Venezuala,Peru,Argentina,North_Africa
North_Africa,439,240,Africa,Brazil,Western_Europe,Southern_Europe,Egypt,East_Africa,Congo
Congo,489,293,Africa,North_Africa,East_Africa,South_Africa
South_Africa,497,346,Africa,Congo,East_Africa,Madagascar
Madagascar,552,336,Africa,East_Africa,South_Africa
East_Africa,533,273,Africa,Egypt,Middle_East,Congo,North_Africa,South_Africa,Madagascar
Egypt,494,224,Africa,Southern_Europe,North_Africa,Middle_East,East_Africa
Iceland,394,103,Europe,Greenland,Great_Britain,Scandinavia
Great_Britain,433,141,Europe,Iceland,Scandinavia,Western_Europe,Northern_Europe
Western_Europe,440,176,Europe,Great_Britain,Northern_Europe,Southern_Europe,North_Africa
Scandinavia,480,102,Europe,Iceland,Great_Britain,Northern_Europe,Ukraine
Northern_Europe,477,149,Europe,Great_Britain,Scandinavia,Ukraine,Southern_Europe,Western_Europe
Southern_Europe,490,173,Europe,Northern_Europe,Ukraine,Middle_East,Egypt,North_Africa,Western_Europe
Ukraine,544,132,Europe,Ural,Afghanistan,Middle_East,Southern_Europe,Northern_Europe,Scandinavia
Middle_East,548,208,South_Asia,Ukraine,Afghanistan,India,Southern_Europe,Egypt,East_Africa
Ural,626,111,South_Asia,Siberia,China,Afghanistan,Ukraine
Afghanistan,597,168,South_Asia,Ural,China,India,Middle_East,Ukraine
India,626,226,South_Asia,China,Siam,Afghanistan,Middle_East
Siberia,680,85,North_Asia,Yatusk,Irkutsk,Mongolia,China,Ural
China,680,194,South_Asia,Ural,Siberia,Mongolia,Siam,India,Afghanistan
Siam,685,245,South_Asia,China,India,Indonesia
Mongolia,721,164,North_Asia,Siberia,Irkutsk,Japan,China,Kamchatka
Irkutsk,714,128,North_Asia,Siberia,Yatusk,Kamchatka,Mongolia
Yatusk,754,95,North_Asia,Siberia,Irkutsk,Kamchatka
Kamchatka,820,102,North_Asia,Yatusk,Irkutsk,Japan,Alaska,Mongolia
Japan,774,198,North_Asia,Kamchatka,Mongolia
Indonesia,709,290,Australia,Siam,New_Guinea,Western_Australia
New_Guinea,783,301,Australia,Indonesia,Western_Australia,Eastern_Australia
Western_Australia,745,348,Australia,Indonesia,New_Guinea,Eastern_Australia
Eastern_Australia,791,356,Australia,Western_Australia,New_Guinea
